// Jest Snapshot v1, https://goo.gl/fbAQLP

exports[`Creator renders correctly 1`] = `
<li
  _id="test"
  avatar="test"
  bookmarks={Array []}
  comments={Array []}
  email="test"
  following={
    Object {
      "publications": Array [],
      "users": Array [],
    }
  }
  posts={Array []}
>
  <img
    alt="creator avatar"
    height="60"
    src="test"
    width="60"
  />
  <div>
    <p>
      test
    </p>
    <p>
      test...
    </p>
  </div>
  <button>
    Follow
  </button>
</li>
`;
