// Jest Snapshot v1, https://goo.gl/fbAQLP

exports[`LandingHero renders correctly 1`] = `
<div>
  <h4>
    Where good ideas find you
  </h4>
  <p>
    Read and share new perspectives on just about any topic.
  </p>
  <p>
    Everyone's welcome. 
    <a
      href="#!"
    >
      Learn more.
    </a>
  </p>
  <button
    className="btn btn-primary"
    disabled={false}
    type="button"
  >
    Get Started
  </button>
</div>
`;
