// Jest Snapshot v1, https://goo.gl/fbAQLP

exports[`TopicsYouFollow renders correctly 1`] = `
<div>
  <p
    className="text-uppercase font-weight-bold mb-2"
  >
    Topics you follow
  </p>
  <div
    className="list-group list-group-flush"
    onKeyDown={[Function]}
  >
    <div
      className="mr-2 mb-2 list-group-item list-group-item-light"
      data-rb-event-key={null}
      disabled={false}
      onClick={[Function]}
    >
      topic1
    </div>
    <div
      className="mr-2 mb-2 list-group-item list-group-item-light"
      data-rb-event-key={null}
      disabled={false}
      onClick={[Function]}
    >
      topic2
    </div>
    <div
      className="mr-2 mb-2 list-group-item list-group-item-light"
      data-rb-event-key={null}
      disabled={false}
      onClick={[Function]}
    >
      topic3
    </div>
    <button
      className="p-2 h-50 btn btn-light btn-sm"
      disabled={false}
      type="button"
    >
      <svg
        fill="currentColor"
        height="1em"
        stroke="currentColor"
        strokeWidth="0"
        style={
          Object {
            "color": undefined,
          }
        }
        viewBox="0 0 16 16"
        width="1em"
        xmlns="http://www.w3.org/2000/svg"
      >
        <path
          clipRule="evenodd"
          d="M8 3.5a.5.5 0 01.5.5v4a.5.5 0 01-.5.5H4a.5.5 0 010-1h3.5V4a.5.5 0 01.5-.5z"
          fillRule="evenodd"
        />
        <path
          clipRule="evenodd"
          d="M7.5 8a.5.5 0 01.5-.5h4a.5.5 0 010 1H8.5V12a.5.5 0 01-1 0V8z"
          fillRule="evenodd"
        />
      </svg>
    </button>
  </div>
</div>
`;
