// Jest Snapshot v1, https://goo.gl/fbAQLP

exports[`DetailsImg renders correctly 1`] = `
Array [
  <img
    alt="test"
    className="w-100"
    onClick={[Function]}
    src="test"
  />,
  <div>
    <div>
      <img
        alt="test"
        onClick={[Function]}
        src="test"
      />
    </div>
  </div>,
]
`;
