// Jest Snapshot v1, https://goo.gl/fbAQLP

exports[`ReadingList renders correctly 1`] = `
<ul>
  <li>
    <ul />
  </li>
  <li>
    <div>
      <div>
        <img
          alt=""
          src="/archived.png"
        />
      </div>
      <div>
        <p>
          After you're finished with a saved story, tap the 
          <svg
            fill="currentColor"
            height="1em"
            stroke="currentColor"
            strokeWidth="0"
            style={
              Object {
                "color": undefined,
              }
            }
            viewBox="0 0 16 16"
            width="1em"
            xmlns="http://www.w3.org/2000/svg"
          >
            <path
              clipRule="evenodd"
              d="M2 5v7.5c0 .864.642 1.5 1.357 1.5h9.286c.715 0 1.357-.636 1.357-1.5V5h1v7.5c0 1.345-1.021 2.5-2.357 2.5H3.357C2.021 15 1 13.845 1 12.5V5h1z"
              fillRule="evenodd"
            />
            <path
              clipRule="evenodd"
              d="M5.5 7.5A.5.5 0 016 7h4a.5.5 0 010 1H6a.5.5 0 01-.5-.5zM15 2H1v2h14V2zM1 1a1 1 0 00-1 1v2a1 1 0 001 1h14a1 1 0 001-1V2a1 1 0 00-1-1H1z"
              fillRule="evenodd"
            />
          </svg>
           icon to store it here.
        </p>
        <button>
          Stories worth saving
        </button>
      </div>
    </div>
  </li>
  <li />
  <li />
</ul>
`;
